  23 deterministic states

  ok    15252 ms  museum:lobby-entry                 lobby · EXPLORE
  ok    12694 ms  museum:lobby-welcome               lobby · EXPLORE
  ok    15278 ms  museum:gallery-a-overview          gallery-a · EXPLORE
  ok    14941 ms  museum:artwork-horizonte-focus     gallery-a · FOCUS
  ok    15562 ms  museum:sculpture-detail            gallery-a · FOCUS
  ok    15809 ms  museum:gallery-a-oblique           gallery-a · EXPLORE
  ok    14197 ms  museum:portal-a-b-before           gallery-a · EXPLORE
  ok    26457 ms  museum:portal-a-b-after            gallery-b · EXPLORE
  ok    17115 ms  museum:archive-teleport            archive · EXPLORE
  ok    31495 ms  museum:journey-lead-horizonte      gallery-a · DIRECTED
  ok    35285 ms  museum:guide-accompanied           gallery-a · DIRECTED
  ok    37201 ms  museum:guide-handoff               gallery-a · DIRECTED
  ok    47076 ms  museum:journey-lead-division       gallery-a · DIRECTED
  ok    42416 ms  museum:journey-division            gallery-a · DIRECTED
  ok    85610 ms  museum:journey-threshold           gallery-a · DIRECTED
  ok    90171 ms  museum:journey-crossed             gallery-b · DIRECTED
  ok    92573 ms  museum:journey-noche               gallery-b · DIRECTED
  ok   100151 ms  museum:journey-proyeccion          gallery-b · DIRECTED
  ok   103897 ms  museum:proyeccion-permanencia      gallery-b · DIRECTED
  ok    98785 ms  museum:guide-released              gallery-b · EXPLORE
  ok    17776 ms  museum:guide-turnaround            gallery-a · EXPLORE
  ok    81985 ms  museum:guided-step-04              gallery-a · DIRECTED
  ok    90112 ms  museum:guided-completed            gallery-b · EXPLORE

  ready in: min 12694 ms · max 103897 ms · mean 47906 ms
  first half mean 19462 ms · second half mean 73979 ms
  23/23 states became ready
