  ok   ENGINE-PURITY              engine/ no importa Three.js ni toca el DOM  — 22 archivos revisados
  ok   PROTECTED-PATHS            Las rutas protegidas siguen presentes
  ·· modo cola: se omiten las secciones ya verificadas en la corrida previa
  ok   DETAIL-NAVIGATION          En detalle se pasa de una obra a la siguiente sin volver a la sala  — entity.artwork.horizonte-interrumpido → entity.artwork.campo-de-ceniza
  ok   DETAIL-ZOOM                El zoom de inspección acerca realmente la cámara a la obra  — 3.80 m → 1.71 m
  ok   ESCAPE-IN-FOCUS            Escape saca del detalle aunque el movimiento esté desactivado
  ok   DETAIL-RETURN              Tras recorrer varias obras el visitante vuelve donde estaba de pie  — [-0.9,1.62,-8.6]
  ok   DETAIL-NO-VIOLATIONS       La navegación en detalle no rompe la autoridad de cámara  — 0
  ok   A11Y-OUTLINE               Todo el contenido existe como texto fuera del canvas  — 21 obras en 4 salas (11 entidades)
  ok   STATES-DETERMINISTIC       Todos los estados nombrados se reproducen y capturan  — 23/23 estados
  ok   PERF-CAPTURED              Medición de rendimiento capturada (SwiftShader, sin GPU)  — p50 1.3 ms · p95 3.6 ms · 43 draws · 1821 tris
  ok   MOBILE-TIER                El tier LOW desactiva realmente sombras y limita el DPR  — dpr 0.85, sombras false
  ok   MOBILE-FRAMING             El encuadre se recalcula para pantalla vertical  — vfov 66°, distancia 8.32 m
  ok   MOBILE-NO-OVERFLOW         Sin desbordamiento horizontal en móvil
  ok   SECOND-WORLD               Un segundo mundo funciona sobre el mismo motor y el mismo Scene Kit  — Sala de exposiciones — demostración institucional · 2 salas · 4 archivos
  ok   WORLD-DRIVEN-IDENTITY      La interfaz toma la identidad del mundo, no de una constante  — Institución de demostración
  ok   AUTHOR-EDITS-DATA          La autoría edita el registro canónico y reconstruye la sala
  ok   AUTHOR-SEPARATE-CAMERA     Author Mode usa su propia autoridad de cámara  — AUTHOR
  ok   AUTHOR-NOT-EXPERIENCE      La superficie de autoría no contiene la UI del visitante
  ok   AUTHOR-NO-ERRORS           La autoría arranca sin errores

19/19 comprobaciones superadas (SOLO COLA — corrida parcial, léase junto a la corrida que continúa)
Evidencia: labs/immersive-worlds/qa/evidence
